../Src/main.c:37:5:main	8	static
../Src/main.c:58:6:task1_handler	8	static
../Src/main.c:63:6:task2_handler	8	static
../Src/main.c:68:6:task3_handler	8	static
../Src/main.c:73:6:task4_handler	8	static
../Src/main.c:78:6:init_systick_timer	32	static
../Src/main.c:94:29:init_schedular_stack	0	static,ignoring_inline_asm
../Src/main.c:100:6:init_task_stack	24	static
../Src/main.c:122:6:get_psp_value	4	static
../Src/main.c:125:6:save_psp_value	16	static
../Src/main.c:129:6:update_next_task	4	static
../Src/main.c:135:32:switch_sp_to_psp	0	static,ignoring_inline_asm
../Src/main.c:147:6:enable_processor_faults	16	static
../Src/main.c:157:7:SysTick_Handler	4	static,ignoring_inline_asm
../Src/main.c:195:6:HardFault_Handler	8	static
../Src/main.c:198:6:MemManage_Handler	8	static
../Src/main.c:201:6:BusFault_Handler	8	static
../Src/main.c:204:6:UsageFault_Handler	8	static
